23:53:27 **** Incremental Build of configuration Debug for project test_boot_uart ****
make -j8 all 
arm-none-eabi-size   test_boot_uart.elf 
   text	   data	    bss	    dec	    hex	filename
   8280	     24	   1640	   9944	   26d8	test_boot_uart.elf
Finished building: default.size.stdout
 
23:53:36 **** Incremental Build of configuration Debug for project test_boot_uart ****
make -j8 all 
arm-none-eabi-size   test_boot_uart.elf 
   text	   data	    bss	    dec	    hex	filename
   8280	     24	   1640	   9944	   26d8	test_boot_uart.elf
Finished building: default.size.stdout
 
00:00:31 **** Incremental Build of configuration Debug for project bootloader_uart ****
make -j8 all 
arm-none-eabi-size   bootloader_uart.elf 
   text	   data	    bss	    dec	    hex	filename
  10608	     28	   2188	  12824	   3218	bootloader_uart.elf
Finished building: default.size.stdout
 
00:06:17 **** Incremental Build of configuration Debug for project bootloader_uart ****
make -j8 all 
arm-none-eabi-size   bootloader_uart.elf 
   text	   data	    bss	    dec	    hex	filename
  10608	     28	   2188	  12824	   3218	bootloader_uart.elf
Finished building: default.size.stdout
 
